src/app/school-admin/fees/fee-client.tsx(43,15): error TS2345: Argument of type '{ structures: FeeStructureData[]; studentFees: StudentFeeData[]; payments: PaymentData[]; summary: FeeSummaryData; }' is not assignable to parameter of type 'SetStateAction<FeeData>'.
  Type '{ structures: FeeStructureData[]; studentFees: StudentFeeData[]; payments: PaymentData[]; summary: FeeSummaryData; }' is not assignable to type 'FeeData'.
    Types of property 'structures' are incompatible.
      Type 'FeeStructureData[]' is not assignable to type 'Record<string, unknown>[]'.
        Type 'FeeStructureData' is not assignable to type 'Record<string, unknown>'.
          Index signature for type 'string' is missing in type 'FeeStructureData'.
src/app/school-admin/fees/fee-client.tsx(56,11): error TS2322: Type 'Record<string, unknown>[]' is not assignable to type 'FeeStructure[]'.
  Type 'Record<string, unknown>' is missing the following properties from type 'FeeStructure': id, name, description, amount, and 4 more.
src/app/school-admin/fees/fee-client.tsx(57,11): error TS2322: Type 'Record<string, unknown>[]' is not assignable to type 'StudentFee[]'.
  Type 'Record<string, unknown>' is missing the following properties from type 'StudentFee': id, studentId, studentName, classGrade, and 8 more.
src/app/school-admin/fees/fee-client.tsx(58,11): error TS2322: Type 'Record<string, unknown>[]' is not assignable to type 'Payment[]'.
  Type 'Record<string, unknown>' is missing the following properties from type 'Payment': id, studentFeeId, studentId, studentName, and 6 more.
src/app/school-admin/fees/page.tsx(19,21): error TS2322: Type '{ structures: FeeStructureData[]; studentFees: StudentFeeData[]; payments: PaymentData[]; summary: FeeSummaryData; }' is not assignable to type 'FeeData'.
  Types of property 'structures' are incompatible.
    Type 'FeeStructureData[]' is not assignable to type 'Record<string, unknown>[]'.
      Type 'FeeStructureData' is not assignable to type 'Record<string, unknown>'.
        Index signature for type 'string' is missing in type 'FeeStructureData'.
src/components/data/data-manager.tsx(201,23): error TS2345: Argument of type 'Set<unknown>' is not assignable to parameter of type 'SetStateAction<Set<string>>'.
  Type 'Set<unknown>' is not assignable to type 'Set<string>'.
    Type 'unknown' is not assignable to type 'string'.
src/components/data/data-manager.tsx(392,59): error TS2345: Argument of type 'unknown' is not assignable to parameter of type 'string'.
src/components/data/data-manager.tsx(395,35): error TS2322: Type 'unknown' is not assignable to type 'Key'.
src/components/data/data-manager.tsx(400,65): error TS2345: Argument of type 'unknown' is not assignable to parameter of type 'string'.
src/lib/db/tenant.ts(131,35): error TS2352: Conversion of type '{ [x: string]: { [x: string]: { [x: string]: ...[]; }[]; }[]; }' to type '{ id: string; }' may be a mistake because neither type sufficiently overlaps with the other. If this was intentional, convert the expression to 'unknown' first.
  Property 'id' is missing in type '{ [x: string]: { [x: string]: { [x: string]: ...[]; }[]; }[]; }' but required in type '{ id: string; }'.
